
> @figma/my-make-file@0.0.1 dev
> vite --host 0.0.0.0


  [32m[1mVITE[22m v6.3.5[39m  [2mready in [0m[1m592[22m[2m[0m ms[22m

  [32m➜[39m  [1mLocal[22m:   [36mhttp://localhost:[1m5173[22m/[39m
  [32m➜[39m  [1mNetwork[22m: [36mhttp://192.168.137.1:[1m5173[22m/[39m
  [32m➜[39m  [1mNetwork[22m: [36mhttp://192.168.1.71:[1m5173[22m/[39m
[2m12:21:03 PM[22m [36m[1m[vite][22m[39m [90m[2m(client)[22m[39m [32mhmr update [39m[2m/src/app/pages/technology/technology-recommendation.tsx, /src/styles/index.css[22m
[2m12:40:34 PM[22m [36m[1m[vite][22m[39m [90m[2m(client)[22m[39m [32mhmr update [39m[2m/src/app/pages/proposals/proposal-generation.tsx, /src/styles/index.css[22m
[2m12:40:44 PM[22m [36m[1m[vite][22m[39m [90m[2m(client)[22m[39m [32mhmr update [39m[2m/src/app/pages/technology/technology-recommendation.tsx, /src/styles/index.css[22m
[2m12:40:52 PM[22m [36m[1m[vite][22m[39m [90m[2m(client)[22m[39m [32mhmr update [39m[2m/src/app/pages/estimation/cost-estimation.tsx, /src/styles/index.css[22m
[2m12:40:59 PM[22m [36m[1m[vite][22m[39m [90m[2m(client)[22m[39m [32mhmr update [39m[2m/src/app/pages/timeline/timeline-prediction.tsx, /src/styles/index.css[22m
[2m12:51:05 PM[22m [36m[1m[vite][22m[39m [90m[2m(client)[22m[39m [32mhmr update [39m[2m/src/app/pages/proposals/proposal-generation.tsx, /src/styles/index.css[22m
[2m12:55:24 PM[22m [36m[1m[vite][22m[39m [90m[2m(client)[22m[39m [32mhmr update [39m[2m/src/app/pages/proposals/proposal-generation.tsx, /src/styles/index.css[22m
[2m12:57:47 PM[22m [36m[1m[vite][22m[39m [90m[2m(client)[22m[39m [32mhmr update [39m[2m/src/app/pages/technology/technology-recommendation.tsx, /src/styles/index.css[22m
[2m12:57:52 PM[22m [36m[1m[vite][22m[39m [90m[2m(client)[22m[39m [32mhmr update [39m[2m/src/app/pages/estimation/cost-estimation.tsx, /src/styles/index.css[22m
[2m12:57:57 PM[22m [36m[1m[vite][22m[39m [90m[2m(client)[22m[39m [32mhmr update [39m[2m/src/app/pages/timeline/timeline-prediction.tsx, /src/styles/index.css[22m
[2m1:01:34 PM[22m [36m[1m[vite][22m[39m [90m[2m(client)[22m[39m [32mhmr update [39m[2m/src/app/pages/estimation/cost-estimation.tsx, /src/styles/index.css[22m
[2m1:03:11 PM[22m [36m[1m[vite][22m[39m [90m[2m(client)[22m[39m [32mhmr update [39m[2m/src/styles/index.css, /src/app/pages/timeline/timeline-prediction.tsx, /src/app/pages/requirements/requirement-analysis.tsx, /src/app/pages/estimation/cost-estimation.tsx, /src/app/pages/technology/technology-recommendation.tsx, /src/app/pages/proposals/proposal-generation.tsx[22m
[2m1:03:24 PM[22m [36m[1m[vite][22m[39m [90m[2m(client)[22m[39m [32mhmr update [39m[2m/src/styles/index.css, /src/app/pages/timeline/timeline-prediction.tsx, /src/app/pages/requirements/requirement-analysis.tsx, /src/app/pages/estimation/cost-estimation.tsx, /src/app/pages/technology/technology-recommendation.tsx, /src/app/pages/proposals/proposal-generation.tsx[22m
[2m1:03:36 PM[22m [36m[1m[vite][22m[39m [90m[2m(client)[22m[39m [32mhmr update [39m[2m/src/app/pages/proposals/proposal-generation.tsx, /src/styles/index.css[22m
[2m12:08:30 PM[22m [36m[1m[vite][22m[39m [90m[2m(client)[22m[39m [32mhmr update [39m[2m/src/app/pages/estimation/cost-estimation.tsx, /src/styles/index.css[22m
[2m12:10:32 PM[22m [36m[1m[vite][22m[39m [90m[2m(client)[22m[39m [32mhmr update [39m[2m/src/app/pages/estimation/cost-estimation.tsx, /src/styles/index.css[22m
